[36mvite v5.4.21 [32mbuilding for production...[36m[39m
transforming...
[32mΓ£ô[39m 4 modules transformed.
node.exe : [31mx[39m 
Build failed in 486ms
At line:1 char:1
+ & "C:\Program 
Files\nodejs/node.exe" 
"C:\Program 
Files\nodejs/node_mo ...
+ ~~~~~~~~~~~~~~~~~~~~~~~~~
~~~~~~~~~~~~~~~~~~~~~~~~~~~
~~~~~~~~~~~~~~~~~
    + CategoryInfo         
     : NotSpecified: ([3  
  1mx[39m Build failed    
 in 486ms:String) [], R    
emoteException
    + FullyQualifiedErrorI 
   d : NativeCommandError
 
[31merror during build:
[31mCould not resolve "./c
omponents/theme-provider.ts
x" from "src/main.tsx"[31m
file: [36mD:/project/muscl
e-map-main/muscle-map-main/
client/src/main.tsx[31m
    at getRollupError (file
:///D:/project/muscle-map-m
ain/muscle-map-main/client/
node_modules/rollup/dist/es
/shared/parseAst.js:402:41)
    at error (file:///D:/pr
oject/muscle-map-main/muscl
e-map-main/client/node_modu
les/rollup/dist/es/shared/p
arseAst.js:398:42)
    at ModuleLoader.handleI
nvalidResolvedId (file:///D
:/project/muscle-map-main/m
uscle-map-main/client/node_
modules/rollup/dist/es/shar
ed/node-entry.js:21687:24)
    at file:///D:/project/m
uscle-map-main/muscle-map-m
ain/client/node_modules/rol
lup/dist/es/shared/node-ent
ry.js:21647:26[39m
